// Jest Snapshot v1, https://goo.gl/fbAQLP

exports[`cartSaga snapshot should match snapshot 1`] = `[Function]`;
