// Jest Snapshot v1, https://goo.gl/fbAQLP

exports[`should render SignInAndSignUpPage 1`] = `ShallowWrapper {}`;
