// Jest Snapshot v1, https://goo.gl/fbAQLP

exports[`CheckOutItem component should render CheckOutItem component 1`] = `ShallowWrapper {}`;
