// Jest Snapshot v1, https://goo.gl/fbAQLP

exports[`CheckOutPage component should render CheckOutPage component 1`] = `ShallowWrapper {}`;
