// Jest Snapshot v1, https://goo.gl/fbAQLP

exports[`SignIn component should render SignIn Component 1`] = `"<div class=\\"SignInContainer-sc-11fykje-0 cLbcfm\\"><h2 class=\\"SignInTitle-sc-11fykje-1 cYmKHy\\">I already have an account</h2><span>Sign in with your email and password</span><form id=\\"form\\"><div class=\\"GroupContainer-sc-96a6za-0 hoKTZU\\"><input type=\\"email\\" data-testid=\\"email-input\\" name=\\"email\\" value=\\"\\" aria-label=\\"Email\\" autoComplete=\\"username\\" aria-required=\\"true\\" required=\\"\\" class=\\"FormInputContainer-sc-96a6za-1 fpriDh\\"/><label class=\\"FormInputLabel-sc-96a6za-2 HJNXi\\">Email</label></div><div class=\\"GroupContainer-sc-96a6za-0 hoKTZU\\"><input type=\\"password\\" data-testid=\\"password-input\\" name=\\"password\\" value=\\"\\" aria-label=\\"Password\\" autoComplete=\\"current-password\\" aria-required=\\"true\\" required=\\"\\" class=\\"FormInputContainer-sc-96a6za-1 fpriDh\\"/><label class=\\"FormInputLabel-sc-96a6za-2 HJNXi\\">Password</label></div><div class=\\"ButtonsBarContainer-sc-11fykje-2 cOMDpH\\"><button type=\\"submit\\" class=\\"CustomButtonContainer-ttlcs0-0 YaHjW\\"> Sign in </button><button type=\\"button\\" class=\\"CustomButtonContainer-ttlcs0-0 eJidjN\\">Sign in with Google</button></div></form></div>"`;
